Archive member included to satisfy reference by file (symbol)

/opt/st/stm32cubeide_1.15.0/plugins/com.st.stm32cube.ide.mcu.externaltools.gnu-tools-for-stm32.12.3.rel1.linux64_1.0.100.202403111256/tools/bin/../lib/gcc/arm-none-eabi/12.3.1/../../../../arm-none-eabi/lib/thumb/v7e-m+fp/hard/libc_nano.a(libc_a-exit.o)
                              /opt/st/stm32cubeide_1.15.0/plugins/com.st.stm32cube.ide.mcu.externaltools.gnu-tools-for-stm32.12.3.rel1.linux64_1.0.100.202403111256/tools/bin/../lib/gcc/arm-none-eabi/12.3.1/../../../../arm-none-eabi/lib/thumb/v7e-m+fp/hard/crt0.o (exit)
/opt/st/stm32cubeide_1.15.0/plugins/com.st.stm32cube.ide.mcu.externaltools.gnu-tools-for-stm32.12.3.rel1.linux64_1.0.100.202403111256/tools/bin/../lib/gcc/arm-none-eabi/12.3.1/../../../../arm-none-eabi/lib/thumb/v7e-m+fp/hard/libc_nano.a(libc_a-findfp.o)
                              ./Third_party/FreeRTOS/tasks.o (__sf)
/opt/st/stm32cubeide_1.15.0/plugins/com.st.stm32cube.ide.mcu.externaltools.gnu-tools-for-stm32.12.3.rel1.linux64_1.0.100.202403111256/tools/bin/../lib/gcc/arm-none-eabi/12.3.1/../../../../arm-none-eabi/lib/thumb/v7e-m+fp/hard/libc_nano.a(libc_a-fwalk.o)
                              /opt/st/stm32cubeide_1.15.0/plugins/com.st.stm32cube.ide.mcu.externaltools.gnu-tools-for-stm32.12.3.rel1.linux64_1.0.100.202403111256/tools/bin/../lib/gcc/arm-none-eabi/12.3.1/../../../../arm-none-eabi/lib/thumb/v7e-m+fp/hard/libc_nano.a(libc_a-findfp.o) (_fwalk_sglue)
/opt/st/stm32cubeide_1.15.0/plugins/com.st.stm32cube.ide.mcu.externaltools.gnu-tools-for-stm32.12.3.rel1.linux64_1.0.100.202403111256/tools/bin/../lib/gcc/arm-none-eabi/12.3.1/../../../../arm-none-eabi/lib/thumb/v7e-m+fp/hard/libc_nano.a(libc_a-stdio.o)
                              /opt/st/stm32cubeide_1.15.0/plugins/com.st.stm32cube.ide.mcu.externaltools.gnu-tools-for-stm32.12.3.rel1.linux64_1.0.100.202403111256/tools/bin/../lib/gcc/arm-none-eabi/12.3.1/../../../../arm-none-eabi/lib/thumb/v7e-m+fp/hard/libc_nano.a(libc_a-findfp.o) (__sread)
/opt/st/stm32cubeide_1.15.0/plugins/com.st.stm32cube.ide.mcu.externaltools.gnu-tools-for-stm32.12.3.rel1.linux64_1.0.100.202403111256/tools/bin/../lib/gcc/arm-none-eabi/12.3.1/../../../../arm-none-eabi/lib/thumb/v7e-m+fp/hard/libc_nano.a(libc_a-memset.o)
                              /opt/st/stm32cubeide_1.15.0/plugins/com.st.stm32cube.ide.mcu.externaltools.gnu-tools-for-stm32.12.3.rel1.linux64_1.0.100.202403111256/tools/bin/../lib/gcc/arm-none-eabi/12.3.1/../../../../arm-none-eabi/lib/thumb/v7e-m+fp/hard/crt0.o (memset)
/opt/st/stm32cubeide_1.15.0/plugins/com.st.stm32cube.ide.mcu.externaltools.gnu-tools-for-stm32.12.3.rel1.linux64_1.0.100.202403111256/tools/bin/../lib/gcc/arm-none-eabi/12.3.1/../../../../arm-none-eabi/lib/thumb/v7e-m+fp/hard/libc_nano.a(libc_a-strupr.o)
                              ./Src/main.o (strupr)
/opt/st/stm32cubeide_1.15.0/plugins/com.st.stm32cube.ide.mcu.externaltools.gnu-tools-for-stm32.12.3.rel1.linux64_1.0.100.202403111256/tools/bin/../lib/gcc/arm-none-eabi/12.3.1/../../../../arm-none-eabi/lib/thumb/v7e-m+fp/hard/libc_nano.a(libc_a-closer.o)
                              /opt/st/stm32cubeide_1.15.0/plugins/com.st.stm32cube.ide.mcu.externaltools.gnu-tools-for-stm32.12.3.rel1.linux64_1.0.100.202403111256/tools/bin/../lib/gcc/arm-none-eabi/12.3.1/../../../../arm-none-eabi/lib/thumb/v7e-m+fp/hard/libc_nano.a(libc_a-stdio.o) (_close_r)
/opt/st/stm32cubeide_1.15.0/plugins/com.st.stm32cube.ide.mcu.externaltools.gnu-tools-for-stm32.12.3.rel1.linux64_1.0.100.202403111256/tools/bin/../lib/gcc/arm-none-eabi/12.3.1/../../../../arm-none-eabi/lib/thumb/v7e-m+fp/hard/libc_nano.a(libc_a-reent.o)
                              ./Third_party/FreeRTOS/tasks.o (_reclaim_reent)
/opt/st/stm32cubeide_1.15.0/plugins/com.st.stm32cube.ide.mcu.externaltools.gnu-tools-for-stm32.12.3.rel1.linux64_1.0.100.202403111256/tools/bin/../lib/gcc/arm-none-eabi/12.3.1/../../../../arm-none-eabi/lib/thumb/v7e-m+fp/hard/libc_nano.a(libc_a-impure.o)
                              ./Third_party/FreeRTOS/tasks.o (_impure_ptr)
/opt/st/stm32cubeide_1.15.0/plugins/com.st.stm32cube.ide.mcu.externaltools.gnu-tools-for-stm32.12.3.rel1.linux64_1.0.100.202403111256/tools/bin/../lib/gcc/arm-none-eabi/12.3.1/../../../../arm-none-eabi/lib/thumb/v7e-m+fp/hard/libc_nano.a(libc_a-lseekr.o)
                              /opt/st/stm32cubeide_1.15.0/plugins/com.st.stm32cube.ide.mcu.externaltools.gnu-tools-for-stm32.12.3.rel1.linux64_1.0.100.202403111256/tools/bin/../lib/gcc/arm-none-eabi/12.3.1/../../../../arm-none-eabi/lib/thumb/v7e-m+fp/hard/libc_nano.a(libc_a-stdio.o) (_lseek_r)
/opt/st/stm32cubeide_1.15.0/plugins/com.st.stm32cube.ide.mcu.externaltools.gnu-tools-for-stm32.12.3.rel1.linux64_1.0.100.202403111256/tools/bin/../lib/gcc/arm-none-eabi/12.3.1/../../../../arm-none-eabi/lib/thumb/v7e-m+fp/hard/libc_nano.a(libc_a-readr.o)
[...]
Memory Configuration

Name             Origin             Length             Attributes
CCMRAM           0x10000000         0x00010000         xrw
RAM              0x20000000         0x00020000         xrw
FLASH            0x08000000         0x00100000         xr
*default*        0x00000000         0xffffffff

Linker script and memory map

LOAD /opt/st/stm32cubeide_1.15.0/plugins/com.st.stm32cube.ide.mcu.externaltools.gnu-tools-for-stm32.12.3.rel1.linux64_1.0.100.202403111256/tools/bin/../lib/gcc/arm-none-eabi/12.3.1/thumb/v7e-m+fp/hard/crti.o
LOAD /opt/st/stm32cubeide_1.15.0/plugins/com.st.stm32cube.ide.mcu.externaltools.gnu-tools-for-stm32.12.3.rel1.linux64_1.0.100.202403111256/tools/bin/../lib/gcc/arm-none-eabi/12.3.1/thumb/v7e-m+fp/hard/crtbegin.o
LOAD /opt/st/stm32cubeide_1.15.0/plugins/com.st.stm32cube.ide.mcu.externaltools.gnu-tools-for-stm32.12.3.rel1.linux64_1.0.100.202403111256/tools/bin/../lib/gcc/arm-none-eabi/12.3.1/../../../../arm-none-eabi/lib/thumb/v7e-m+fp/hard/crt0.o
LOAD ./Src/itm.o
LOAD ./Src/led.o
LOAD ./Src/main.o
LOAD ./Src/syscalls.o
LOAD ./Src/sysmem.o
LOAD ./Src/system_stm32f4xx.o
LOAD ./Src/uart.o
LOAD ./Startup/startup_stm32f407vgtx.o
LOAD ./Third_party/FreeRTOS/croutine.o
LOAD ./Third_party/FreeRTOS/event_groups.o
LOAD ./Third_party/FreeRTOS/list.o
LOAD ./Third_party/FreeRTOS/queue.o
LOAD ./Third_party/FreeRTOS/stream_buffer.o
LOAD ./Third_party/FreeRTOS/tasks.o
LOAD ./Third_party/FreeRTOS/timers.o
LOAD ./Third_party/FreeRTOS/portable/GCC/ARM_CM4F/port.o
LOAD ./Third_party/FreeRTOS/portable/MemMang/heap_4.o
START GROUP
LOAD /opt/st/stm32cubeide_1.15.0/plugins/com.st.stm32cube.ide.mcu.externaltools.gnu-tools-for-stm32.12.3.rel1.linux64_1.0.100.202403111256/tools/bin/../lib/gcc/arm-none-eabi/12.3.1/../../../../arm-none-eabi/lib/thumb/v7e-m+fp/hard/libc_nano.a
LOAD /opt/st/stm32cubeide_1.15.0/plugins/com.st.stm32cube.ide.mcu.externaltools.gnu-tools-for-stm32.12.3.rel1.linux64_1.0.100.202403111256/tools/bin/../lib/gcc/arm-none-eabi/12.3.1/../../../../arm-none-eabi/lib/thumb/v7e-m+fp/hard/libm.a
END GROUP
START GROUP
LOAD /opt/st/stm32cubeide_1.15.0/plugins/com.st.stm32cube.ide.mcu.externaltools.gnu-tools-for-stm32.12.3.rel1.linux64_1.0.100.202403111256/tools/bin/../lib/gcc/arm-none-eabi/12.3.1/thumb/v7e-m+fp/hard/libgcc.a
LOAD /opt/st/stm32cubeide_1.15.0/plugins/com.st.stm32cube.ide.mcu.externaltools.gnu-tools-for-stm32.12.3.rel1.linux64_1.0.100.202403111256/tools/bin/../lib/gcc/arm-none-eabi/12.3.1/../../../../arm-none-eabi/lib/thumb/v7e-m+fp/hard/libc_nano.a
END GROUP
START GROUP
LOAD /opt/st/stm32cubeide_1.15.0/plugins/com.st.stm32cube.ide.mcu.externaltools.gnu-tools-for-stm32.12.3.rel1.linux64_1.0.100.202403111256/tools/bin/../lib/gcc/arm-none-eabi/12.3.1/thumb/v7e-m+fp/hard/libgcc.a
LOAD /opt/st/stm32cubeide_1.15.0/plugins/com.st.stm32cube.ide.mcu.externaltools.gnu-tools-for-stm32.12.3.rel1.linux64_1.0.100.202403111256/tools/bin/../lib/gcc/arm-none-eabi/12.3.1/../../../../arm-none-eabi/lib/thumb/v7e-m+fp/hard/libc_nano.a
LOAD /opt/st/stm32cubeide_1.15.0/plugins/com.st.stm32cube.ide.mcu.externaltools.gnu-tools-for-stm32.12.3.rel1.linux64_1.0.100.202403111256/tools/bin/../lib/gcc/arm-none-eabi/12.3.1/../../../../arm-none-eabi/lib/thumb/v7e-m+fp/hard/libnosys.a
END GROUP
START GROUP
LOAD /opt/st/stm32cubeide_1.15.0/plugins/com.st.stm32cube.ide.mcu.externaltools.gnu-tools-for-stm32.12.3.rel1.linux64_1.0.100.202403111256/tools/bin/../lib/gcc/arm-none-eabi/12.3.1/thumb/v7e-m+fp/hard/libgcc.a
LOAD /opt/st/stm32cubeide_1.15.0/plugins/com.st.stm32cube.ide.mcu.externaltools.gnu-tools-for-stm32.12.3.rel1.linux64_1.0.100.202403111256/tools/bin/../lib/gcc/arm-none-eabi/12.3.1/../../../../arm-none-eabi/lib/thumb/v7e-m+fp/hard/libc_nano.a
LOAD /opt/st/stm32cubeide_1.15.0/plugins/com.st.stm32cube.ide.mcu.externaltools.gnu-tools-for-stm32.12.3.rel1.linux64_1.0.100.202403111256/tools/bin/../lib/gcc/arm-none-eabi/12.3.1/../../../../arm-none-eabi/lib/thumb/v7e-m+fp/hard/libnosys.a
END GROUP
LOAD /opt/st/stm32cubeide_1.15.0/plugins/com.st.stm32cube.ide.mcu.externaltools.gnu-tools-for-stm32.12.3.rel1.linux64_1.0.100.202403111256/tools/bin/../lib/gcc/arm-none-eabi/12.3.1/thumb/v7e-m+fp/hard/crtend.o
LOAD /opt/st/stm32cubeide_1.15.0/plugins/com.st.stm32cube.ide.mcu.externaltools.gnu-tools-for-stm32.12.3.rel1.linux64_1.0.100.202403111256/tools/bin/../lib/gcc/arm-none-eabi/12.3.1/thumb/v7e-m+fp/hard/crtn.o
                0x20020000                        _estack = (ORIGIN (RAM) + LENGTH (RAM))
                0x00000200                        _Min_Heap_Size = 0x200
                0x00000400                        _Min_Stack_Size = 0x400

.isr_vector     0x08000000      0x188
                0x08000000                        . = ALIGN (0x4)
 *(.isr_vector)
 .isr_vector    0x08000000      0x188 ./Startup/startup_stm32f407vgtx.o
                0x08000000                g_pfnVectors
                0x08000188                        . = ALIGN (0x4)

.text           0x08000190     0x1688
                0x08000190                        . = ALIGN (0x4)
 *(.text)
 .text          0x08000190       0x40 /opt/st/stm32cubeide_1.15.0/plugins/com.st.stm32cube.ide.mcu.externaltools.gnu-tools-for-stm32.12.3.rel1.linux64_1.0.100.202403111256/tools/bin/../lib/gcc/arm-none-eabi/12.3.1/thumb/v7e-m+fp/hard/crtbegin.o
 *(.text*)
 .text.vUARTPeriodicTask
                0x080001d0       0x34 ./Src/main.o
                0x080001d0                vUARTPeriodicTask
 .text.main     0x08000204       0x34 ./Src/main.o
                0x08000204                main
 .text.SystemInit
                0x08000238       0x20 ./Src/system_stm32f4xx.o
                0x08000238                SystemInit
 .text.DWT_Init
                0x08000258       0x60 ./Src/system_stm32f4xx.o
                0x08000258                DWT_Init
 .text.UartInit
                0x080002b8       0xdc ./Src/uart.o
                0x080002b8                UartInit
 .text.UartPutch
                0x08000394       0x30 ./Src/uart.o
                0x08000394                UartPutch
 .text.UartGetch
                0x080003c4       0x2c ./Src/uart.o
                0x080003c4                UartGetch
 .text.UartPuts
                0x080003f0       0x38 ./Src/uart.o
                0x080003f0                UartPuts
 .text.UartGets
                0x08000428       0x4c ./Src/uart.o
                0x08000428                UartGets
 .text.Reset_Handler
                0x08000474       0x50 ./Startup/startup_stm32f407vgtx.o
                0x08000474                Reset_Handler
 .text.Default_Handler
                0x080004c4        0x2 ./Startup/startup_stm32f407vgtx.o
                0x080004c4                RTC_Alarm_IRQHandler
                0x080004c4                HASH_RNG_IRQHandler
                0x080004c4                EXTI2_IRQHandler
                0x080004c4                TIM8_CC_IRQHandler
                0x080004c4                DebugMon_Handler
                0x080004c4                TIM1_CC_IRQHandler
                0x080004c4                DMA2_Stream5_IRQHandler
                0x080004c4                HardFault_Handler
                0x080004c4                DMA1_Stream5_IRQHandler
                0x080004c4                PVD_IRQHandler
                0x080004c4                SDIO_IRQHandler
                0x080004c4                TAMP_STAMP_IRQHandler
                0x080004c4                NMI_Handler
                0x080004c4                CAN2_RX1_IRQHandler
                0x080004c4                EXTI3_IRQHandler
                0x080004c4                TIM8_TRG_COM_TIM14_IRQHandler
                0x080004c4                TIM1_UP_TIM10_IRQHandler
                0x080004c4                TIM8_UP_TIM13_IRQHandler
                0x080004c4                I2C3_ER_IRQHandler
                0x080004c4                EXTI0_IRQHandler
                0x080004c4                I2C2_EV_IRQHandler
                0x080004c4                DMA1_Stream2_IRQHandler
                0x080004c4                CAN1_RX0_IRQHandler
                0x080004c4                FPU_IRQHandler
                0x080004c4                OTG_HS_WKUP_IRQHandler
                0x080004c4                UsageFault_Handler
                0x080004c4                CAN2_SCE_IRQHandler
                0x080004c4                DMA2_Stream2_IRQHandler
                0x080004c4                SPI1_IRQHandler
                0x080004c4                TIM6_DAC_IRQHandler
                0x080004c4                TIM1_BRK_TIM9_IRQHandler
                0x080004c4                DCMI_IRQHandler
                0x080004c4                CAN2_RX0_IRQHandler
                0x080004c4                DMA2_Stream3_IRQHandler
                0x080004c4                USART6_IRQHandler
                0x080004c4                USART3_IRQHandler
                0x080004c4                CRYP_IRQHandler
                0x080004c4                CAN1_RX1_IRQHandler
                0x080004c4                UART5_IRQHandler
                0x080004c4                DMA2_Stream0_IRQHandler
                0x080004c4                TIM4_IRQHandler
                0x080004c4                I2C1_EV_IRQHandler
                0x080004c4                DMA1_Stream6_IRQHandler
                0x080004c4                DMA1_Stream1_IRQHandler
                0x080004c4                UART4_IRQHandler
                0x080004c4                TIM3_IRQHandler
                0x080004c4                RCC_IRQHandler
                0x080004c4                TIM8_BRK_TIM12_IRQHandler
                0x080004c4                Default_Handler
                0x080004c4                EXTI15_10_IRQHandler
                0x080004c4                ADC_IRQHandler
                0x080004c4                DMA1_Stream7_IRQHandler
                0x080004c4                TIM7_IRQHandler
                0x080004c4                CAN2_TX_IRQHandler
                0x080004c4                TIM5_IRQHandler
                0x080004c4                DMA2_Stream7_IRQHandler
                0x080004c4                I2C3_EV_IRQHandler
                0x080004c4                EXTI9_5_IRQHandler
                0x080004c4                RTC_WKUP_IRQHandler
                0x080004c4                ETH_WKUP_IRQHandler
                0x080004c4                SPI2_IRQHandler
                0x080004c4                OTG_HS_EP1_IN_IRQHandler
                0x080004c4                MemManage_Handler
                0x080004c4                DMA1_Stream0_IRQHandler
                0x080004c4                CAN1_TX_IRQHandler
                0x080004c4                EXTI4_IRQHandler
                0x080004c4                FSMC_IRQHandler
                0x080004c4                ETH_IRQHandler
                0x080004c4                OTG_HS_EP1_OUT_IRQHandler
                0x080004c4                WWDG_IRQHandler
                0x080004c4                TIM2_IRQHandler
                0x080004c4                OTG_FS_WKUP_IRQHandler
                0x080004c4                TIM1_TRG_COM_TIM11_IRQHandler
                0x080004c4                OTG_HS_IRQHandler
                0x080004c4                EXTI1_IRQHandler
                0x080004c4                USART2_IRQHandler
                0x080004c4                I2C2_ER_IRQHandler
                0x080004c4                DMA2_Stream1_IRQHandler
                0x080004c4                CAN1_SCE_IRQHandler
                0x080004c4                DMA2_Stream4_IRQHandler
                0x080004c4                BusFault_Handler
                0x080004c4                USART1_IRQHandler
                0x080004c4                OTG_FS_IRQHandler
                0x080004c4                SPI3_IRQHandler
                0x080004c4                DMA1_Stream4_IRQHandler
                0x080004c4                I2C1_ER_IRQHandler
                0x080004c4                DMA2_Stream6_IRQHandler
                0x080004c4                DMA1_Stream3_IRQHandler
 .text.vListInitialise
                0x080004c6       0x40 ./Third_party/FreeRTOS/list.o
                0x080004c6                vListInitialise
 .text.vListInitialiseItem
                0x08000506       0x1a ./Third_party/FreeRTOS/list.o
                0x08000506                vListInitialiseItem
 .text.vListInsertEnd
                0x08000520       0x48 ./Third_party/FreeRTOS/list.o
                0x08000520                vListInsertEnd
 .text.uxListRemove
                0x08000568       0x54 ./Third_party/FreeRTOS/list.o
                0x08000568                uxListRemove
 .text.xTaskCreate
                0x080005bc       0x82 ./Third_party/FreeRTOS/tasks.o
                0x080005bc                xTaskCreate
 *fill*         0x0800063e        0x2 
 .text.prvInitialiseNewTask
                0x08000640      0x14c ./Third_party/FreeRTOS/tasks.o
 .text.prvAddNewTaskToReadyList
                0x0800078c       0xd4 ./Third_party/FreeRTOS/tasks.o
 .text.vTaskStartScheduler
                0x08000860       0xac ./Third_party/FreeRTOS/tasks.o
                0x08000860                vTaskStartScheduler
 .text.vTaskSuspendAll
                0x0800090c       0x1c ./Third_party/FreeRTOS/tasks.o
                0x0800090c                vTaskSuspendAll
 .text.xTaskResumeAll
                0x08000928      0x13c ./Third_party/FreeRTOS/tasks.o
                0x08000928                xTaskResumeAll
 .text.xTaskIncrementTick
                0x08000a64      0x174 ./Third_party/FreeRTOS/tasks.o
                0x08000a64                xTaskIncrementTick
 .text.vTaskSwitchContext
                0x08000bd8       0xc8 ./Third_party/FreeRTOS/tasks.o
                0x08000bd8                vTaskSwitchContext
 .text.prvIdleTask
                0x08000ca0       0x30 ./Third_party/FreeRTOS/tasks.o
 .text.prvInitialiseTaskLists
                0x08000cd0       0x80 ./Third_party/FreeRTOS/tasks.o
 .text.prvCheckTasksWaitingTermination
                0x08000d50       0x5c ./Third_party/FreeRTOS/tasks.o
 .text.prvDeleteTCB
                0x08000dac       0x2a ./Third_party/FreeRTOS/tasks.o
 *fill*         0x08000dd6        0x2 
 .text.prvResetNextTaskUnblockTime
                0x08000dd8       0x38 ./Third_party/FreeRTOS/tasks.o
 .text.pxPortInitialiseStack
                0x08000e10       0x68 ./Third_party/FreeRTOS/portable/GCC/ARM_CM4F/port.o
                0x08000e10                pxPortInitialiseStack
 .text.prvTaskExitError
                0x08000e78       0x5c ./Third_party/FreeRTOS/portable/GCC/ARM_CM4F/port.o
 *fill*         0x08000ed4        0xc 
 .text.SVC_Handler
                0x08000ee0       0x28 ./Third_party/FreeRTOS/portable/GCC/ARM_CM4F/port.o
                0x08000ee0                SVC_Handler
 .text.prvPortStartFirstTask
                0x08000f08       0x2c ./Third_party/FreeRTOS/portable/GCC/ARM_CM4F/port.o
 .text.xPortStartScheduler
                0x08000f34      0x148 ./Third_party/FreeRTOS/portable/GCC/ARM_CM4F/port.o
                0x08000f34                xPortStartScheduler
 .text.vPortEnterCritical
                0x0800107c       0x64 ./Third_party/FreeRTOS/portable/GCC/ARM_CM4F/port.o
                0x0800107c                vPortEnterCritical
 .text.vPortExitCritical
                0x080010e0       0x54 ./Third_party/FreeRTOS/portable/GCC/ARM_CM4F/port.o
                0x080010e0                vPortExitCritical
 *fill*         0x08001134        0xc 
 .text.PendSV_Handler
                0x08001140       0x68 ./Third_party/FreeRTOS/portable/GCC/ARM_CM4F/port.o
                0x08001140                PendSV_Handler
 .text.SysTick_Handler
                0x080011a8       0x44 ./Third_party/FreeRTOS/portable/GCC/ARM_CM4F/port.o
                0x080011a8                SysTick_Handler
 .text.vPortSetupTimerInterrupt
                0x080011ec       0x48 ./Third_party/FreeRTOS/portable/GCC/ARM_CM4F/port.o
                0x080011ec                vPortSetupTimerInterrupt
 .text.vPortEnableVFP
                0x08001234       0x18 ./Third_party/FreeRTOS/portable/GCC/ARM_CM4F/port.o
 .text.pvPortMalloc
                0x0800124c      0x19c ./Third_party/FreeRTOS/portable/MemMang/heap_4.o
                0x0800124c                pvPortMalloc
 .text.vPortFree
                0x080013e8       0xc8 ./Third_party/FreeRTOS/portable/MemMang/heap_4.o
                0x080013e8                vPortFree
 .text.prvHeapInit
                0x080014b0       0xc4 ./Third_party/FreeRTOS/portable/MemMang/heap_4.o
 .text.prvInsertBlockIntoFreeList
                0x08001574       0xb4 ./Third_party/FreeRTOS/portable/MemMang/heap_4.o
 .text.memset   0x08001628       0x10 /opt/st/stm32cubeide_1.15.0/plugins/com.st.stm32cube.ide.mcu.externaltools.gnu-tools-for-stm32.12.3.rel1.linux64_1.0.100.202403111256/tools/bin/../lib/gcc/arm-none-eabi/12.3.1/../../../../arm-none-eabi/lib/thumb/v7e-m+fp/hard/libc_nano.a(libc_a-memset.o)
                0x08001628                memset
 .text.strupr   0x08001638       0x24 /opt/st/stm32cubeide_1.15.0/plugins/com.st.stm32cube.ide.mcu.externaltools.gnu-tools-for-stm32.12.3.rel1.linux64_1.0.100.202403111256/tools/bin/../lib/gcc/arm-none-eabi/12.3.1/../../../../arm-none-eabi/lib/thumb/v7e-m+fp/hard/libc_nano.a(libc_a-strupr.o)
                0x08001638                strupr
 .text._reclaim_reent
                0x0800165c       0xac /opt/st/stm32cubeide_1.15.0/plugins/com.st.stm32cube.ide.mcu.externaltools.gnu-tools-for-stm32.12.3.rel1.linux64_1.0.100.202403111256/tools/bin/../lib/gcc/arm-none-eabi/12.3.1/../../../../arm-none-eabi/lib/thumb/v7e-m+fp/hard/libc_nano.a(libc_a-reent.o)
                0x0800165c                _reclaim_reent
 .text.__libc_init_array
                0x08001708       0x48 /opt/st/stm32cubeide_1.15.0/plugins/com.st.stm32cube.ide.mcu.externaltools.gnu-tools-for-stm32.12.3.rel1.linux64_1.0.100.202403111256/tools/bin/../lib/gcc/arm-none-eabi/12.3.1/../../../../arm-none-eabi/lib/thumb/v7e-m+fp/hard/libc_nano.a(libc_a-init.o)
                0x08001708                __libc_init_array
 .text.__retarget_lock_acquire_recursive
                0x08001750        0x2 /opt/st/stm32cubeide_1.15.0/plugins/com.st.stm32cube.ide.mcu.externaltools.gnu-tools-for-stm32.12.3.rel1.linux64_1.0.100.202403111256/tools/bin/../lib/gcc/arm-none-eabi/12.3.1/../../../../arm-none-eabi/lib/thumb/v7e-m+fp/hard/libc_nano.a(libc_a-lock.o)
                0x08001750                __retarget_lock_acquire_recursive
 .text.__retarget_lock_release_recursive
                0x08001752        0x2 /opt/st/stm32cubeide_1.15.0/plugins/com.st.stm32cube.ide.mcu.externaltools.gnu-tools-for-stm32.12.3.rel1.linux64_1.0.100.202403111256/tools/bin/../lib/gcc/arm-none-eabi/12.3.1/../../../../arm-none-eabi/lib/thumb/v7e-m+fp/hard/libc_nano.a(libc_a-lock.o)
                0x08001752                __retarget_lock_release_recursive
 .text._free_r  0x08001754       0x94 /opt/st/stm32cubeide_1.15.0/plugins/com.st.stm32cube.ide.mcu.externaltools.gnu-tools-for-stm32.12.3.rel1.linux64_1.0.100.202403111256/tools/bin/../lib/gcc/arm-none-eabi/12.3.1/../../../../arm-none-eabi/lib/thumb/v7e-m+fp/hard/libc_nano.a(libc_a-freer.o)
                0x08001754                _free_r
 .text.__malloc_lock
                0x080017e8        0xc /opt/st/stm32cubeide_1.15.0/plugins/com.st.stm32cube.ide.mcu.externaltools.gnu-tools-for-stm32.12.3.rel1.linux64_1.0.100.202403111256/tools/bin/../lib/gcc/arm-none-eabi/12.3.1/../../../../arm-none-eabi/lib/thumb/v7e-m+fp/hard/libc_nano.a(libc_a-mlock.o)
                0x080017e8                __malloc_lock
 .text.__malloc_unlock
                0x080017f4        0xc /opt/st/stm32cubeide_1.15.0/plugins/com.st.stm32cube.ide.mcu.externaltools.gnu-tools-for-stm32.12.3.rel1.linux64_1.0.100.202403111256/tools/bin/../lib/gcc/arm-none-eabi/12.3.1/../../../../arm-none-eabi/lib/thumb/v7e-m+fp/hard/libc_nano.a(libc_a-mlock.o)
                0x080017f4                __malloc_unlock
 *(.glue_7)
 .glue_7        0x08001800        0x0 linker stubs
 *(.glue_7t)
 .glue_7t       0x08001800        0x0 linker stubs
 *(.eh_frame)
 .eh_frame      0x08001800        0x0 /opt/st/stm32cubeide_1.15.0/plugins/com.st.stm32cube.ide.mcu.externaltools.gnu-tools-for-stm32.12.3.rel1.linux64_1.0.100.202403111256/tools/bin/../lib/gcc/arm-none-eabi/12.3.1/thumb/v7e-m+fp/hard/crtbegin.o
 *(.init)
 .init          0x08001800        0x4 /opt/st/stm32cubeide_1.15.0/plugins/com.st.stm32cube.ide.mcu.externaltools.gnu-tools-for-stm32.12.3.rel1.linux64_1.0.100.202403111256/tools/bin/../lib/gcc/arm-none-eabi/12.3.1/thumb/v7e-m+fp/hard/crti.o
                0x08001800                _init
 .init          0x08001804        0x8 /opt/st/stm32cubeide_1.15.0/plugins/com.st.stm32cube.ide.mcu.externaltools.gnu-tools-for-stm32.12.3.rel1.linux64_1.0.100.202403111256/tools/bin/../lib/gcc/arm-none-eabi/12.3.1/thumb/v7e-m+fp/hard/crtn.o
 *(.fini)
 .fini          0x0800180c        0x4 /opt/st/stm32cubeide_1.15.0/plugins/com.st.stm32cube.ide.mcu.externaltools.gnu-tools-for-stm32.12.3.rel1.linux64_1.0.100.202403111256/tools/bin/../lib/gcc/arm-none-eabi/12.3.1/thumb/v7e-m+fp/hard/crti.o
                0x0800180c                _fini
 .fini          0x08001810        0x8 /opt/st/stm32cubeide_1.15.0/plugins/com.st.stm32cube.ide.mcu.externaltools.gnu-tools-for-stm32.12.3.rel1.linux64_1.0.100.202403111256/tools/bin/../lib/gcc/arm-none-eabi/12.3.1/thumb/v7e-m+fp/hard/crtn.o
                0x08001818                        . = ALIGN (0x4)
                0x08001818                        _etext = .

.vfp11_veneer   0x08001818        0x0
 .vfp11_veneer  0x08001818        0x0 linker stubs

.v4_bx          0x08001818        0x0
 .v4_bx         0x08001818        0x0 linker stubs

.iplt           0x08001818        0x0
 .iplt          0x08001818        0x0 /opt/st/stm32cubeide_1.15.0/plugins/com.st.stm32cube.ide.mcu.externaltools.gnu-tools-for-stm32.12.3.rel1.linux64_1.0.100.202403111256/tools/bin/../lib/gcc/arm-none-eabi/12.3.1/thumb/v7e-m+fp/hard/crtbegin.o

.rodata         0x08001818      0x12c
                0x08001818                        . = ALIGN (0x4)
 *(.rodata)
 .rodata        0x08001818       0x22 ./Src/main.o
 *fill*         0x0800183a        0x2 
 .rodata        0x0800183c        0x5 ./Third_party/FreeRTOS/tasks.o
 *(.rodata*)
 .rodata._ctype_
                0x08001841      0x101 /opt/st/stm32cubeide_1.15.0/plugins/com.st.stm32cube.ide.mcu.externaltools.gnu-tools-for-stm32.12.3.rel1.linux64_1.0.100.202403111256/tools/bin/../lib/gcc/arm-none-eabi/12.3.1/../../../../arm-none-eabi/lib/thumb/v7e-m+fp/hard/libc_nano.a(libc_a-ctype_.o)
                0x08001841                _ctype_
                0x08001944                        . = ALIGN (0x4)
 *fill*         0x08001942        0x2 

.ARM.extab      0x08001944        0x0
                0x08001944                        . = ALIGN (0x4)
 *(.ARM.extab* .gnu.linkonce.armextab.*)
                0x08001944                        . = ALIGN (0x4)

.ARM            0x08001944        0x0
                0x08001944                        . = ALIGN (0x4)
                0x08001944                        __exidx_start = .
 *(.ARM.exidx*)
                0x08001944                        __exidx_end = .
                0x08001944                        . = ALIGN (0x4)

.preinit_array  0x08001944        0x0
                0x08001944                        . = ALIGN (0x4)
                0x08001944                        PROVIDE (__preinit_array_start = .)
 *(.preinit_array*)
                0x08001944                        PROVIDE (__preinit_array_end = .)
                0x08001944                        . = ALIGN (0x4)

.init_array     0x08001944        0x4
                0x08001944                        . = ALIGN (0x4)
                0x08001944                        PROVIDE (__init_array_start = .)
 *(SORT_BY_NAME(.init_array.*))
 *(.init_array*)
 .init_array    0x08001944        0x4 /opt/st/stm32cubeide_1.15.0/plugins/com.st.stm32cube.ide.mcu.externaltools.gnu-tools-for-stm32.12.3.rel1.linux64_1.0.100.202403111256/tools/bin/../lib/gcc/arm-none-eabi/12.3.1/thumb/v7e-m+fp/hard/crtbegin.o
                0x08001948                        PROVIDE (__init_array_end = .)
                0x08001948                        . = ALIGN (0x4)

.fini_array     0x08001948        0x4
                0x08001948                        . = ALIGN (0x4)
                [!provide]                        PROVIDE (__fini_array_start = .)
 *(SORT_BY_NAME(.fini_array.*))
 *(.fini_array*)
 .fini_array    0x08001948        0x4 /opt/st/stm32cubeide_1.15.0/plugins/com.st.stm32cube.ide.mcu.externaltools.gnu-tools-for-stm32.12.3.rel1.linux64_1.0.100.202403111256/tools/bin/../lib/gcc/arm-none-eabi/12.3.1/thumb/v7e-m+fp/hard/crtbegin.o
                [!provide]                        PROVIDE (__fini_array_end = .)
                0x0800194c                        . = ALIGN (0x4)
                0x0800194c                        _sidata = LOADADDR (.data)

.rel.dyn        0x0800194c        0x0
 .rel.iplt      0x0800194c        0x0 /opt/st/stm32cubeide_1.15.0/plugins/com.st.stm32cube.ide.mcu.externaltools.gnu-tools-for-stm32.12.3.rel1.linux64_1.0.100.202403111256/tools/bin/../lib/gcc/arm-none-eabi/12.3.1/thumb/v7e-m+fp/hard/crtbegin.o

.data           0x20000000       0x5c load address 0x0800194c
                0x20000000                        . = ALIGN (0x4)
                0x20000000                        _sdata = .
 *(.data)
 *(.data*)
 .data.SystemCoreClock
                0x20000000        0x4 ./Src/system_stm32f4xx.o
                0x20000000                SystemCoreClock
 .data.uxTopUsedPriority
                0x20000004        0x4 ./Third_party/FreeRTOS/tasks.o
                0x20000004                uxTopUsedPriority
 .data.uxCriticalNesting
                0x20000008        0x4 ./Third_party/FreeRTOS/portable/GCC/ARM_CM4F/port.o
 .data._impure_ptr
                0x2000000c        0x4 /opt/st/stm32cubeide_1.15.0/plugins/com.st.stm32cube.ide.mcu.externaltools.gnu-tools-for-stm32.12.3.rel1.linux64_1.0.100.202403111256/tools/bin/../lib/gcc/arm-none-eabi/12.3.1/../../../../arm-none-eabi/lib/thumb/v7e-m+fp/hard/libc_nano.a(libc_a-impure.o)
                0x2000000c                _impure_ptr
 .data._impure_data
                0x20000010       0x4c /opt/st/stm32cubeide_1.15.0/plugins/com.st.stm32cube.ide.mcu.externaltools.gnu-tools-for-stm32.12.3.rel1.linux64_1.0.100.202403111256/tools/bin/../lib/gcc/arm-none-eabi/12.3.1/../../../../arm-none-eabi/lib/thumb/v7e-m+fp/hard/libc_nano.a(libc_a-impure.o)
                0x20000010                _impure_data
 *(.RamFunc)
 *(.RamFunc*)
                0x2000005c                        . = ALIGN (0x4)
                0x2000005c                        _edata = .
                0x080019a8                        _siccmram = LOADADDR (.ccmram)

.igot.plt       0x2000005c        0x0 load address 0x080019a8
 .igot.plt      0x2000005c        0x0 /opt/st/stm32cubeide_1.15.0/plugins/com.st.stm32cube.ide.mcu.externaltools.gnu-tools-for-stm32.12.3.rel1.linux64_1.0.100.202403111256/tools/bin/../lib/gcc/arm-none-eabi/12.3.1/thumb/v7e-m+fp/hard/crtbegin.o

.ccmram         0x10000000        0x0 load address 0x080019a8
                0x10000000                        . = ALIGN (0x4)
                0x10000000                        _sccmram = .
 *(.ccmram)
 *(.ccmram*)
                0x10000000                        . = ALIGN (0x4)
                0x10000000                        _eccmram = .
                0x10000000                        . = ALIGN (0x4)

.bss            0x2000005c     0x3eb0
                0x2000005c                        _sbss = .
                0x2000005c                        __bss_start__ = _sbss
 *(.bss)
 .bss           0x2000005c       0x1c /opt/st/stm32cubeide_1.15.0/plugins/com.st.stm32cube.ide.mcu.externaltools.gnu-tools-for-stm32.12.3.rel1.linux64_1.0.100.202403111256/tools/bin/../lib/gcc/arm-none-eabi/12.3.1/thumb/v7e-m+fp/hard/crtbegin.o
 *(.bss*)
 .bss.pxCurrentTCB
                0x20000078        0x4 ./Third_party/FreeRTOS/tasks.o
                0x20000078                pxCurrentTCB
 .bss.pxReadyTasksLists
                0x2000007c       0x8c ./Third_party/FreeRTOS/tasks.o
 .bss.xDelayedTaskList1
                0x20000108       0x14 ./Third_party/FreeRTOS/tasks.o
 .bss.xDelayedTaskList2
                0x2000011c       0x14 ./Third_party/FreeRTOS/tasks.o
 .bss.pxDelayedTaskList
                0x20000130        0x4 ./Third_party/FreeRTOS/tasks.o
 .bss.pxOverflowDelayedTaskList
                0x20000134        0x4 ./Third_party/FreeRTOS/tasks.o
 .bss.xPendingReadyList
                0x20000138       0x14 ./Third_party/FreeRTOS/tasks.o
 .bss.xTasksWaitingTermination
                0x2000014c       0x14 ./Third_party/FreeRTOS/tasks.o
 .bss.uxDeletedTasksWaitingCleanUp
                0x20000160        0x4 ./Third_party/FreeRTOS/tasks.o
 .bss.xSuspendedTaskList
                0x20000164       0x14 ./Third_party/FreeRTOS/tasks.o
 .bss.uxCurrentNumberOfTasks
                0x20000178        0x4 ./Third_party/FreeRTOS/tasks.o
 .bss.xTickCount
                0x2000017c        0x4 ./Third_party/FreeRTOS/tasks.o
 .bss.uxTopReadyPriority
                0x20000180        0x4 ./Third_party/FreeRTOS/tasks.o
 .bss.xSchedulerRunning
                0x20000184        0x4 ./Third_party/FreeRTOS/tasks.o
 .bss.xPendedTicks
                0x20000188        0x4 ./Third_party/FreeRTOS/tasks.o
 .bss.xYieldPending
                0x2000018c        0x4 ./Third_party/FreeRTOS/tasks.o
 .bss.xNumOfOverflows
                0x20000190        0x4 ./Third_party/FreeRTOS/tasks.o
 .bss.uxTaskNumber
                0x20000194        0x4 ./Third_party/FreeRTOS/tasks.o
 .bss.xNextTaskUnblockTime
                0x20000198        0x4 ./Third_party/FreeRTOS/tasks.o
 .bss.xIdleTaskHandle
                0x2000019c        0x4 ./Third_party/FreeRTOS/tasks.o
 .bss.uxSchedulerSuspended
                0x200001a0        0x4 ./Third_party/FreeRTOS/tasks.o
 .bss.ucMaxSysCallPriority
                0x200001a4        0x1 ./Third_party/FreeRTOS/portable/GCC/ARM_CM4F/port.o
 *fill*         0x200001a5        0x3 
 .bss.ulMaxPRIGROUPValue
                0x200001a8        0x4 ./Third_party/FreeRTOS/portable/GCC/ARM_CM4F/port.o
 .bss.ucHeap    0x200001ac     0x3c00 ./Third_party/FreeRTOS/portable/MemMang/heap_4.o
 .bss.xStart    0x20003dac        0x8 ./Third_party/FreeRTOS/portable/MemMang/heap_4.o
 .bss.pxEnd     0x20003db4        0x4 ./Third_party/FreeRTOS/portable/MemMang/heap_4.o
 .bss.xFreeBytesRemaining
                0x20003db8        0x4 ./Third_party/FreeRTOS/portable/MemMang/heap_4.o
 .bss.xMinimumEverFreeBytesRemaining
                0x20003dbc        0x4 ./Third_party/FreeRTOS/portable/MemMang/heap_4.o
 .bss.xNumberOfSuccessfulAllocations
                0x20003dc0        0x4 ./Third_party/FreeRTOS/portable/MemMang/heap_4.o
 .bss.xNumberOfSuccessfulFrees
                0x20003dc4        0x4 ./Third_party/FreeRTOS/portable/MemMang/heap_4.o
 .bss.xBlockAllocatedBit
                0x20003dc8        0x4 ./Third_party/FreeRTOS/portable/MemMang/heap_4.o
 .bss.__sf      0x20003dcc      0x138 /opt/st/stm32cubeide_1.15.0/plugins/com.st.stm32cube.ide.mcu.externaltools.gnu-tools-for-stm32.12.3.rel1.linux64_1.0.100.202403111256/tools/bin/../lib/gcc/arm-none-eabi/12.3.1/../../../../arm-none-eabi/lib/thumb/v7e-m+fp/hard/libc_nano.a(libc_a-findfp.o)
                0x20003dcc                __sf
 .bss.__lock___malloc_recursive_mutex
                0x20003f04        0x1 /opt/st/stm32cubeide_1.15.0/plugins/com.st.stm32cube.ide.mcu.externaltools.gnu-tools-for-stm32.12.3.rel1.linux64_1.0.100.202403111256/tools/bin/../lib/gcc/arm-none-eabi/12.3.1/../../../../arm-none-eabi/lib/thumb/v7e-m+fp/hard/libc_nano.a(libc_a-lock.o)
                0x20003f04                __lock___malloc_recursive_mutex
 *fill*         0x20003f05        0x3 
 .bss.__malloc_free_list
                0x20003f08        0x4 /opt/st/stm32cubeide_1.15.0/plugins/com.st.stm32cube.ide.mcu.externaltools.gnu-tools-for-stm32.12.3.rel1.linux64_1.0.100.202403111256/tools/bin/../lib/gcc/arm-none-eabi/12.3.1/../../../../arm-none-eabi/lib/thumb/v7e-m+fp/hard/libc_nano.a(libc_a-mallocr.o)
                0x20003f08                __malloc_free_list
 *(COMMON)
                0x20003f0c                        . = ALIGN (0x4)
                0x20003f0c                        _ebss = .
                0x20003f0c                        __bss_end__ = _ebss

._user_heap_stack
                0x20003f0c      0x604
                0x20003f10                        . = ALIGN (0x8)
 *fill*         0x20003f0c        0x4 
                [!provide]                        PROVIDE (end = .)
                0x20003f10                        PROVIDE (_end = .)
                0x20004110                        . = (. + _Min_Heap_Size)
 *fill*         0x20003f10      0x200 
                0x20004510                        . = (. + _Min_Stack_Size)
 *fill*         0x20004110      0x400 
                0x20004510                        . = ALIGN (0x8)

/DISCARD/
 libc.a(*)
 libm.a(*)
 libgcc.a(*)

.ARM.attributes
                0x00000000       0x30
 *(.ARM.attributes)
 .ARM.attributes
                0x00000000       0x22 /opt/st/stm32cubeide_1.15.0/plugins/com.st.stm32cube.ide.mcu.externaltools.gnu-tools-for-stm32.12.3.rel1.linux64_1.0.100.202403111256/tools/bin/../lib/gcc/arm-none-eabi/12.3.1/thumb/v7e-m+fp/hard/crti.o
 .ARM.attributes
                0x00000022       0x34 /opt/st/stm32cubeide_1.15.0/plugins/com.st.stm32cube.ide.mcu.externaltools.gnu-tools-for-stm32.12.3.rel1.linux64_1.0.100.202403111256/tools/bin/../lib/gcc/arm-none-eabi/12.3.1/thumb/v7e-m+fp/hard/crtbegin.o
 .ARM.attributes
                0x00000056       0x34 ./Src/main.o
 .ARM.attributes
                0x0000008a       0x34 ./Src/system_stm32f4xx.o
 .ARM.attributes
                0x000000be       0x34 ./Src/uart.o
 .ARM.attributes
                0x000000f2       0x21 ./Startup/startup_stm32f407vgtx.o
 .ARM.attributes
                0x00000113       0x34 ./Third_party/FreeRTOS/list.o
 .ARM.attributes
                0x00000147       0x34 ./Third_party/FreeRTOS/tasks.o
 .ARM.attributes
                0x0000017b       0x34 ./Third_party/FreeRTOS/portable/GCC/ARM_CM4F/port.o
 .ARM.attributes
                0x000001af       0x34 ./Third_party/FreeRTOS/portable/MemMang/heap_4.o
 .ARM.attributes
                0x000001e3       0x34 /opt/st/stm32cubeide_1.15.0/plugins/com.st.stm32cube.ide.mcu.externaltools.gnu-tools-for-stm32.12.3.rel1.linux64_1.0.100.202403111256/tools/bin/../lib/gcc/arm-none-eabi/12.3.1/../../../../arm-none-eabi/lib/thumb/v7e-m+fp/hard/libc_nano.a(libc_a-findfp.o)
 .ARM.attributes
                0x00000217       0x34 /opt/st/stm32cubeide_1.15.0/plugins/com.st.stm32cube.ide.mcu.externaltools.gnu-tools-for-stm32.12.3.rel1.linux64_1.0.100.202403111256/tools/bin/../lib/gcc/arm-none-eabi/12.3.1/../../../../arm-none-eabi/lib/thumb/v7e-m+fp/hard/libc_nano.a(libc_a-memset.o)
 .ARM.attributes
                0x0000024b       0x34 /opt/st/stm32cubeide_1.15.0/plugins/com.st.stm32cube.ide.mcu.externaltools.gnu-tools-for-stm32.12.3.rel1.linux64_1.0.100.202403111256/tools/bin/../lib/gcc/arm-none-eabi/12.3.1/../../../../arm-none-eabi/lib/thumb/v7e-m+fp/hard/libc_nano.a(libc_a-strupr.o)
 .ARM.attributes
                0x0000027f       0x34 /opt/st/stm32cubeide_1.15.0/plugins/com.st.stm32cube.ide.mcu.externaltools.gnu-tools-for-stm32.12.3.rel1.linux64_1.0.100.202403111256/tools/bin/../lib/gcc/arm-none-eabi/12.3.1/../../../../arm-none-eabi/lib/thumb/v7e-m+fp/hard/libc_nano.a(libc_a-reent.o)
 .ARM.attributes
                0x000002b3       0x34 /opt/st/stm32cubeide_1.15.0/plugins/com.st.stm32cube.ide.mcu.externaltools.gnu-tools-for-stm32.12.3.rel1.linux64_1.0.100.202403111256/tools/bin/../lib/gcc/arm-none-eabi/12.3.1/../../../../arm-none-eabi/lib/thumb/v7e-m+fp/hard/libc_nano.a(libc_a-impure.o)
 .ARM.attributes
                0x000002e7       0x34 /opt/st/stm32cubeide_1.15.0/plugins/com.st.stm32cube.ide.mcu.externaltools.gnu-tools-for-stm32.12.3.rel1.linux64_1.0.100.202403111256/tools/bin/../lib/gcc/arm-none-eabi/12.3.1/../../../../arm-none-eabi/lib/thumb/v7e-m+fp/hard/libc_nano.a(libc_a-init.o)
 .ARM.attributes
                0x0000031b       0x34 /opt/st/stm32cubeide_1.15.0/plugins/com.st.stm32cube.ide.mcu.externaltools.gnu-tools-for-stm32.12.3.rel1.linux64_1.0.100.202403111256/tools/bin/../lib/gcc/arm-none-eabi/12.3.1/../../../../arm-none-eabi/lib/thumb/v7e-m+fp/hard/libc_nano.a(libc_a-lock.o)
 .ARM.attributes
                0x0000034f       0x34 /opt/st/stm32cubeide_1.15.0/plugins/com.st.stm32cube.ide.mcu.externaltools.gnu-tools-for-stm32.12.3.rel1.linux64_1.0.100.202403111256/tools/bin/../lib/gcc/arm-none-eabi/12.3.1/../../../../arm-none-eabi/lib/thumb/v7e-m+fp/hard/libc_nano.a(libc_a-freer.o)
 .ARM.attributes
                0x00000383       0x34 /opt/st/stm32cubeide_1.15.0/plugins/com.st.stm32cube.ide.mcu.externaltools.gnu-tools-for-stm32.12.3.rel1.linux64_1.0.100.202403111256/tools/bin/../lib/gcc/arm-none-eabi/12.3.1/../../../../arm-none-eabi/lib/thumb/v7e-m+fp/hard/libc_nano.a(libc_a-mallocr.o)
 .ARM.attributes
                0x000003b7       0x34 /opt/st/stm32cubeide_1.15.0/plugins/com.st.stm32cube.ide.mcu.externaltools.gnu-tools-for-stm32.12.3.rel1.linux64_1.0.100.202403111256/tools/bin/../lib/gcc/arm-none-eabi/12.3.1/../../../../arm-none-eabi/lib/thumb/v7e-m+fp/hard/libc_nano.a(libc_a-mlock.o)
 .ARM.attributes
                0x000003eb       0x34 /opt/st/stm32cubeide_1.15.0/plugins/com.st.stm32cube.ide.mcu.externaltools.gnu-tools-for-stm32.12.3.rel1.linux64_1.0.100.202403111256/tools/bin/../lib/gcc/arm-none-eabi/12.3.1/../../../../arm-none-eabi/lib/thumb/v7e-m+fp/hard/libc_nano.a(libc_a-ctype_.o)
 .ARM.attributes
                0x0000041f       0x22 /opt/st/stm32cubeide_1.15.0/plugins/com.st.stm32cube.ide.mcu.externaltools.gnu-tools-for-stm32.12.3.rel1.linux64_1.0.100.202403111256/tools/bin/../lib/gcc/arm-none-eabi/12.3.1/thumb/v7e-m+fp/hard/crtn.o
OUTPUT(Day3_assign1.elf elf32-littlearm)
LOAD linker stubs
LOAD /opt/st/stm32cubeide_1.15.0/plugins/com.st.stm32cube.ide.mcu.externaltools.gnu-tools-for-stm32.12.3.rel1.linux64_1.0.100.202403111256/tools/bin/../lib/gcc/arm-none-eabi/12.3.1/../../../../arm-none-eabi/lib/thumb/v7e-m+fp/hard/libc.a
LOAD /opt/st/stm32cubeide_1.15.0/plugins/com.st.stm32cube.ide.mcu.externaltools.gnu-tools-for-stm32.12.3.rel1.linux64_1.0.100.202403111256/tools/bin/../lib/gcc/arm-none-eabi/12.3.1/../../../../arm-none-eabi/lib/thumb/v7e-m+fp/hard/libm.a
LOAD /opt/st/stm32cubeide_1.15.0/plugins/com.st.stm32cube.ide.mcu.externaltools.gnu-tools-for-stm32.12.3.rel1.linux64_1.0.100.202403111256/tools/bin/../lib/gcc/arm-none-eabi/12.3.1/thumb/v7e-m+fp/hard/libgcc.a

.debug_info     0x00000000     0x3c8d
 .debug_info    0x00000000      0x1f9 ./Src/main.o
 .debug_info    0x000001f9      0x700 ./Src/system_stm32f4xx.o
 .debug_info    0x000008f9      0x410 ./Src/uart.o
 .debug_info    0x00000d09       0x30 ./Startup/startup_stm32f407vgtx.o
 .debug_info    0x00000d39      0x2af ./Third_party/FreeRTOS/list.o
 .debug_info    0x00000fe8     0x22ef ./Third_party/FreeRTOS/tasks.o
 .debug_info    0x000032d7      0x4e1 ./Third_party/FreeRTOS/portable/GCC/ARM_CM4F/port.o
 .debug_info    0x000037b8      0x4d5 ./Third_party/FreeRTOS/portable/MemMang/heap_4.o

.debug_abbrev   0x00000000      0xd39
 .debug_abbrev  0x00000000      0x12c ./Src/main.o
 .debug_abbrev  0x0000012c      0x161 ./Src/system_stm32f4xx.o
 .debug_abbrev  0x0000028d      0x149 ./Src/uart.o
 .debug_abbrev  0x000003d6       0x24 ./Startup/startup_stm32f407vgtx.o
 .debug_abbrev  0x000003fa       0xf5 ./Third_party/FreeRTOS/list.o
 .debug_abbrev  0x000004ef      0x3d3 ./Third_party/FreeRTOS/tasks.o
 .debug_abbrev  0x000008c2      0x25a ./Third_party/FreeRTOS/portable/GCC/ARM_CM4F/port.o
 .debug_abbrev  0x00000b1c      0x21d ./Third_party/FreeRTOS/portable/MemMang/heap_4.o

.debug_aranges  0x00000000      0x398
 .debug_aranges
                0x00000000       0x28 ./Src/main.o
 .debug_aranges
                0x00000028       0x38 ./Src/system_stm32f4xx.o
 .debug_aranges
                0x00000060       0x40 ./Src/uart.o
 .debug_aranges
                0x000000a0       0x28 ./Startup/startup_stm32f407vgtx.o
 .debug_aranges
                0x000000c8       0x40 ./Third_party/FreeRTOS/list.o
 .debug_aranges
                0x00000108      0x1b8 ./Third_party/FreeRTOS/tasks.o
 .debug_aranges
                0x000002c0       0x80 ./Third_party/FreeRTOS/portable/GCC/ARM_CM4F/port.o
 .debug_aranges
                0x00000340       0x58 ./Third_party/FreeRTOS/portable/MemMang/heap_4.o

.debug_rnglists
                0x00000000      0x2ad
 .debug_rnglists
                0x00000000       0x19 ./Src/main.o
 .debug_rnglists
                0x00000019       0x26 ./Src/system_stm32f4xx.o
 .debug_rnglists
                0x0000003f       0x2c ./Src/uart.o
 .debug_rnglists
                0x0000006b       0x19 ./Startup/startup_stm32f407vgtx.o
 .debug_rnglists
                0x00000084       0x2b ./Third_party/FreeRTOS/list.o
 .debug_rnglists
                0x000000af      0x15f ./Third_party/FreeRTOS/tasks.o
 .debug_rnglists
                0x0000020e       0x5d ./Third_party/FreeRTOS/portable/GCC/ARM_CM4F/port.o
 .debug_rnglists
                0x0000026b       0x42 ./Third_party/FreeRTOS/portable/MemMang/heap_4.o

.debug_macro    0x00000000     0x22af
 .debug_macro   0x00000000      0x277 ./Src/main.o
 .debug_macro   0x00000277       0x61 ./Src/main.o
 .debug_macro   0x000002d8       0x2a ./Src/main.o
 .debug_macro   0x00000302       0x43 ./Src/main.o
 .debug_macro   0x00000345       0x34 ./Src/main.o
 .debug_macro   0x00000379       0x16 ./Src/main.o
 .debug_macro   0x0000038f       0x9e ./Src/main.o
 .debug_macro   0x0000042d      0x369 ./Src/main.o
 .debug_macro   0x00000796      0x10b ./Src/main.o
 .debug_macro   0x000008a1       0x10 ./Src/main.o
 .debug_macro   0x000008b1       0x16 ./Src/main.o
 .debug_macro   0x000008c7       0x43 ./Src/main.o
 .debug_macro   0x0000090a       0x34 ./Src/main.o
 .debug_macro   0x0000093e       0x10 ./Src/main.o
 .debug_macro   0x0000094e       0x58 ./Src/main.o
 .debug_macro   0x000009a6       0x8e ./Src/main.o
 .debug_macro   0x00000a34       0x1c ./Src/main.o
 .debug_macro   0x00000a50      0x177 ./Src/main.o
 .debug_macro   0x00000bc7       0x16 ./Src/main.o
 .debug_macro   0x00000bdd       0x16 ./Src/main.o
 .debug_macro   0x00000bf3      0x146 ./Src/main.o
 .debug_macro   0x00000d39       0x16 ./Src/main.o
 .debug_macro   0x00000d4f       0x35 ./Src/main.o
 .debug_macro   0x00000d84       0x20 ./Src/main.o
 .debug_macro   0x00000da4       0xf1 ./Src/main.o
 .debug_macro   0x00000e95      0x15a ./Src/main.o
 .debug_macro   0x00000fef       0xe4 ./Src/main.o
 .debug_macro   0x000010d3       0x1c ./Src/main.o
 .debug_macro   0x000010ef       0x26 ./Src/main.o
 .debug_macro   0x00001115       0x16 ./Src/main.o
 .debug_macro   0x0000112b      0x50c ./Src/main.o
 .debug_macro   0x00001637       0xb5 ./Src/main.o
 .debug_macro   0x000016ec      0x120 ./Src/main.o
 .debug_macro   0x0000180c       0x2e ./Src/main.o
 .debug_macro   0x0000183a       0x4a ./Src/main.o
 .debug_macro   0x00001884       0x28 ./Src/main.o
 .debug_macro   0x000018ac       0xe1 ./Src/system_stm32f4xx.o
 .debug_macro   0x0000198d       0xef ./Src/uart.o
 .debug_macro   0x00001a7c      0x1a5 ./Third_party/FreeRTOS/list.o
 .debug_macro   0x00001c21      0x28b ./Third_party/FreeRTOS/tasks.o
 .debug_macro   0x00001eac       0x10 ./Third_party/FreeRTOS/tasks.o
 .debug_macro   0x00001ebc      0x233 ./Third_party/FreeRTOS/portable/GCC/ARM_CM4F/port.o
 .debug_macro   0x000020ef      0x1c0 ./Third_party/FreeRTOS/portable/MemMang/heap_4.o

.debug_line     0x00000000     0x4230
 .debug_line    0x00000000      0x68d ./Src/main.o
 .debug_line    0x0000068d      0x4de ./Src/system_stm32f4xx.o
 .debug_line    0x00000b6b      0x544 ./Src/uart.o
 .debug_line    0x000010af       0x7b ./Startup/startup_stm32f407vgtx.o
 .debug_line    0x0000112a      0x69c ./Third_party/FreeRTOS/list.o
 .debug_line    0x000017c6     0x1933 ./Third_party/FreeRTOS/tasks.o
 .debug_line    0x000030f9      0x876 ./Third_party/FreeRTOS/portable/GCC/ARM_CM4F/port.o
 .debug_line    0x0000396f      0x8c1 ./Third_party/FreeRTOS/portable/MemMang/heap_4.o

.debug_str      0x00000000    0x92ef7
 .debug_str     0x00000000    0x9002f ./Src/main.o
                              0x90266 (size before relaxing)
 .debug_str     0x0009002f      0x2f6 ./Src/system_stm32f4xx.o
                              0x87e26 (size before relaxing)
 .debug_str     0x00090325       0x8d ./Src/uart.o
                              0x87d53 (size before relaxing)
 .debug_str     0x000903b2       0x3f ./Startup/startup_stm32f407vgtx.o
                                 0x71 (size before relaxing)
 .debug_str     0x000903f1      0x254 ./Third_party/FreeRTOS/list.o
                               0xac64 (size before relaxing)
 .debug_str     0x00090645     0x1e30 ./Third_party/FreeRTOS/tasks.o
                               0xde06 (size before relaxing)
 .debug_str     0x00092475      0x768 ./Third_party/FreeRTOS/portable/GCC/ARM_CM4F/port.o
                               0xaf97 (size before relaxing)
 .debug_str     0x00092bdd      0x31a ./Third_party/FreeRTOS/portable/MemMang/heap_4.o
                               0xc12d (size before relaxing)

.comment        0x00000000       0x43
 .comment       0x00000000       0x43 ./Src/main.o
                                 0x44 (size before relaxing)
 .comment       0x00000043       0x44 ./Src/system_stm32f4xx.o
 .comment       0x00000043       0x44 ./Src/uart.o
 .comment       0x00000043       0x44 ./Third_party/FreeRTOS/list.o
 .comment       0x00000043       0x44 ./Third_party/FreeRTOS/tasks.o
 .comment       0x00000043       0x44 ./Third_party/FreeRTOS/portable/GCC/ARM_CM4F/port.o
 .comment       0x00000043       0x44 ./Third_party/FreeRTOS/portable/MemMang/heap_4.o

.debug_frame    0x00000000     0x1010
 .debug_frame   0x00000000       0x50 ./Src/main.o
 .debug_frame   0x00000050       0x84 ./Src/system_stm32f4xx.o
 .debug_frame   0x000000d4       0xd0 ./Src/uart.o
 .debug_frame   0x000001a4       0xd8 ./Third_party/FreeRTOS/list.o
 .debug_frame   0x0000027c      0x768 ./Third_party/FreeRTOS/tasks.o
 .debug_frame   0x000009e4      0x1a8 ./Third_party/FreeRTOS/portable/GCC/ARM_CM4F/port.o
 .debug_frame   0x00000b8c      0x12c ./Third_party/FreeRTOS/portable/MemMang/heap_4.o
 .debug_frame   0x00000cb8      0x144 /opt/st/stm32cubeide_1.15.0/plugins/com.st.stm32cube.ide.mcu.externaltools.gnu-tools-for-stm32.12.3.rel1.linux64_1.0.100.202403111256/tools/bin/../lib/gcc/arm-none-eabi/12.3.1/../../../../arm-none-eabi/lib/thumb/v7e-m+fp/hard/libc_nano.a(libc_a-findfp.o)
 .debug_frame   0x00000dfc       0x20 /opt/st/stm32cubeide_1.15.0/plugins/com.st.stm32cube.ide.mcu.externaltools.gnu-tools-for-stm32.12.3.rel1.linux64_1.0.100.202403111256/tools/bin/../lib/gcc/arm-none-eabi/12.3.1/../../../../arm-none-eabi/lib/thumb/v7e-m+fp/hard/libc_nano.a(libc_a-memset.o)
 .debug_frame   0x00000e1c       0x28 /opt/st/stm32cubeide_1.15.0/plugins/com.st.stm32cube.ide.mcu.externaltools.gnu-tools-for-stm32.12.3.rel1.linux64_1.0.100.202403111256/tools/bin/../lib/gcc/arm-none-eabi/12.3.1/../../../../arm-none-eabi/lib/thumb/v7e-m+fp/hard/libc_nano.a(libc_a-strupr.o)
 .debug_frame   0x00000e44       0x38 /opt/st/stm32cubeide_1.15.0/plugins/com.st.stm32cube.ide.mcu.externaltools.gnu-tools-for-stm32.12.3.rel1.linux64_1.0.100.202403111256/tools/bin/../lib/gcc/arm-none-eabi/12.3.1/../../../../arm-none-eabi/lib/thumb/v7e-m+fp/hard/libc_nano.a(libc_a-reent.o)
 .debug_frame   0x00000e7c       0x2c /opt/st/stm32cubeide_1.15.0/plugins/com.st.stm32cube.ide.mcu.externaltools.gnu-tools-for-stm32.12.3.rel1.linux64_1.0.100.202403111256/tools/bin/../lib/gcc/arm-none-eabi/12.3.1/../../../../arm-none-eabi/lib/thumb/v7e-m+fp/hard/libc_nano.a(libc_a-init.o)
 .debug_frame   0x00000ea8       0xb0 /opt/st/stm32cubeide_1.15.0/plugins/com.st.stm32cube.ide.mcu.externaltools.gnu-tools-for-stm32.12.3.rel1.linux64_1.0.100.202403111256/tools/bin/../lib/gcc/arm-none-eabi/12.3.1/../../../../arm-none-eabi/lib/thumb/v7e-m+fp/hard/libc_nano.a(libc_a-lock.o)
 .debug_frame   0x00000f58       0x38 /opt/st/stm32cubeide_1.15.0/plugins/com.st.stm32cube.ide.mcu.externaltools.gnu-tools-for-stm32.12.3.rel1.linux64_1.0.100.202403111256/tools/bin/../lib/gcc/arm-none-eabi/12.3.1/../../../../arm-none-eabi/lib/thumb/v7e-m+fp/hard/libc_nano.a(libc_a-freer.o)
 .debug_frame   0x00000f90       0x50 /opt/st/stm32cubeide_1.15.0/plugins/com.st.stm32cube.ide.mcu.externaltools.gnu-tools-for-stm32.12.3.rel1.linux64_1.0.100.202403111256/tools/bin/../lib/gcc/arm-none-eabi/12.3.1/../../../../arm-none-eabi/lib/thumb/v7e-m+fp/hard/libc_nano.a(libc_a-mallocr.o)
 .debug_frame   0x00000fe0       0x30 /opt/st/stm32cubeide_1.15.0/plugins/com.st.stm32cube.ide.mcu.externaltools.gnu-tools-for-stm32.12.3.rel1.linux64_1.0.100.202403111256/tools/bin/../lib/gcc/arm-none-eabi/12.3.1/../../../../arm-none-eabi/lib/thumb/v7e-m+fp/hard/libc_nano.a(libc_a-mlock.o)

.debug_loclists
                0x00000000       0x1f
 .debug_loclists
                0x00000000       0x1f ./Src/system_stm32f4xx.o

.debug_line_str
                0x00000000       0x55
 .debug_line_str
                0x00000000       0x55 ./Startup/startup_stm32f407vgtx.o
